<testsuites id="" name="" tests="10" failures="1" skipped="0" errors="0" time="18.634420000000002">
<testsuite name="e2e/features/pessoa-contato.feature.spec.js" timestamp="2025-08-04T10:56:15.845Z" hostname="" tests="4" failures="1" skipped="0" time="17.282" errors="0">
<testcase name="Gerenciamento de Contatos de Pessoas › Criar um novo contato do tipo telefone para uma pessoa" classname="e2e/features/pessoa-contato.feature.spec.js" time="3.324">
</testcase>
<testcase name="Gerenciamento de Contatos de Pessoas › Editar um contato de pessoa existente com sucesso" classname="e2e/features/pessoa-contato.feature.spec.js" time="3.582">
</testcase>
<testcase name="Gerenciamento de Contatos de Pessoas › Excluir um contato de pessoa existente com sucesso" classname="e2e/features/pessoa-contato.feature.spec.js" time="3.285">
</testcase>
<testcase name="Gerenciamento de Contatos de Pessoas › Tentar criar um contato sem selecionar uma Pessoa" classname="e2e/features/pessoa-contato.feature.spec.js" time="7.091">
<failure message="pessoa-contato.feature.spec.js:40:7 Tentar criar um contato sem selecionar uma Pessoa" type="FAILURE">
<![CDATA[  e2e/features/pessoa-contato.feature.spec.js:40:7 › Gerenciamento de Contatos de Pessoas › Tentar criar um contato sem selecionar uma Pessoa @pessoascontato @validation › Then o botão "Save" deve estar desabilitado 

    Error: Timed out 5000ms waiting for expect(locator).toBeDisabled()

    Locator: locator('[data-cy="entityCreateSaveButton"]')
    Expected: disabled
    Received: enabled
    Call log:
      - Expect "toBeDisabled" with timeout 5000ms
      - waiting for locator('[data-cy="entityCreateSaveButton"]')
        9 × locator resolved to <button type="submit" id="save-entity" class="btn btn-primary" data-cy="entityCreateSaveButton">…</button>
          - unexpected value "enabled"


       at ../steps/common.steps.ts:126

      124 |     throw new Error(`Seletor não definido para o botão "${buttonName}".`);
      125 |   }
    > 126 |   await expect(page.locator(selector)).toBeDisabled();
          |                                        ^
      127 | });
      128 |
        at Object.<anonymous> (/home/matheus/Projects/elfotec/jhipster-intern-app/e2e/steps/common.steps.ts:126:40)
        at /home/matheus/Projects/elfotec/jhipster-intern-app/e2e/.bdd-generated/e2e/features/pessoa-contato.feature.spec.js:43:5

    Error Context: ../../test-results/e2e-features-pessoa-contat-4f8aa-o-sem-selecionar-uma-Pessoa/error-context.md
]]>
</failure>
<system-out>
<![CDATA[
[[ATTACHMENT|e2e-features-pessoa-contat-4f8aa-o-sem-selecionar-uma-Pessoa/error-context.md]]
]]>
</system-out>
</testcase>
</testsuite>
<testsuite name="e2e/features/pessoa.feature.spec.js" timestamp="2025-08-04T10:56:15.845Z" hostname="" tests="6" failures="0" skipped="0" time="15.552" errors="0">
<testcase name="Gerenciamento de Pessoas › Criar uma nova pessoa física com sucesso" classname="e2e/features/pessoa.feature.spec.js" time="2.956">
</testcase>
<testcase name="Gerenciamento de Pessoas › Criar uma nova pessoa jurídica com sucesso" classname="e2e/features/pessoa.feature.spec.js" time="2.642">
</testcase>
<testcase name="Gerenciamento de Pessoas › Visualizar os detalhes de uma pessoa existente" classname="e2e/features/pessoa.feature.spec.js" time="2.81">
</testcase>
<testcase name="Gerenciamento de Pessoas › Editar uma pessoa existente com sucesso" classname="e2e/features/pessoa.feature.spec.js" time="2.918">
</testcase>
<testcase name="Gerenciamento de Pessoas › Excluir uma pessoa existente com sucesso" classname="e2e/features/pessoa.feature.spec.js" time="2.673">
</testcase>
<testcase name="Gerenciamento de Pessoas › Tentar criar uma pessoa sem o campo &quot;Nome&quot;" classname="e2e/features/pessoa.feature.spec.js" time="1.553">
</testcase>
</testsuite>
</testsuites>